[backblue.gif]
[fade.gif]
[index.html]
[themewagon.gitlab.io/medicare/assets/img/favicons/apple-touch-icon.png]
[themewagon.gitlab.io/medicare/assets/img/favicons/favicon-32x32.png]
[themewagon.gitlab.io/medicare/assets/img/favicons/favicon-16x16.png]
[themewagon.gitlab.io/medicare/assets/img/favicons/favicon.ico]
[themewagon.gitlab.io/medicare/assets/img/favicons/manifest.json]
[themewagon.gitlab.io/medicare/assets/img/favicons/mstile-150x150.png]
[themewagon.gitlab.io/medicare/assets/img/illustrations/loader.gif]
[themewagon.gitlab.io/medicare/assets/img/logo.png]
[themewagon.gitlab.io/medicare/assets/img/header/2.jpg]
[themewagon.gitlab.io/medicare/assets/img/header/1.jpg]
[themewagon.gitlab.io/medicare/assets/img/header/3.jpg]
[themewagon.gitlab.io/medicare/assets/img/blog/11.jpg]
[themewagon.gitlab.io/medicare/assets/img/blog/8.jpg]
[themewagon.gitlab.io/medicare/assets/img/blog/34.jpg]
[themewagon.gitlab.io/medicare/assets/img/blog/1.jpg]
[themewagon.gitlab.io/medicare/assets/img/blog/12.jpg]
[themewagon.gitlab.io/medicare/assets/img/blog/3.jpg]
[themewagon.gitlab.io/medicare/assets/img/blog/4.jpg]
[themewagon.gitlab.io/medicare/assets/img/blog/5.jpg]
[themewagon.gitlab.io/medicare/assets/img/blog/6.jpg]
[themewagon.gitlab.io/medicare/assets/img/blog/13.jpg]
[themewagon.gitlab.io/medicare/assets/img/icons/customer-service.png]
[themewagon.gitlab.io/medicare/assets/img/icons/mail-5.png]
[themewagon.gitlab.io/medicare/assets/img/icons/clock-2.png]
[themewagon.gitlab.io/medicare/assets/js/jquery.min.js]
[themewagon.gitlab.io/medicare/assets/js/popper.min.js]
[themewagon.gitlab.io/medicare/assets/js/bootstrap.min.js]
[themewagon.gitlab.io/medicare/assets/js/plugins.min.js]
[themewagon.gitlab.io/medicare/assets/lib/is/is.min.js]
[themewagon.gitlab.io/medicare/assets/lib/stickyfilljs/stickyfill.min.js]
[themewagon.gitlab.io/medicare/assets/lib/sticky-kit/sticky-kit.min.js]
[themewagon.gitlab.io/medicare/assets/lib/loaders.css/loaders.css.js]
[www.google.com/recaptcha/api.js]
[themewagon.gitlab.io/medicare/assets/lib/flexslider/jquery.flexslider-min.js]
[themewagon.gitlab.io/medicare/assets/js/theme.min.js]
[themewagon.gitlab.io/medicare/index.html]
[themewagon.gitlab.io/medicare/assets/lib/loaders.css/loaders.min.css]
[themewagon.gitlab.io/medicare/assets/lib/flexslider/flexslider.css]
[themewagon.gitlab.io/medicare/assets/css/theme.css]
[themewagon.gitlab.io/medicare/assets/img/illustrations/united-states.svg]
[themewagon.gitlab.io/medicare/assets/img/illustrations/germany.svg]
[themewagon.gitlab.io/medicare/assets/img/illustrations/saudi-arabia.svg]
[themewagon.gitlab.io/medicare/index-2.html]
[themewagon.gitlab.io/medicare/index-static.html]
[themewagon.gitlab.io/medicare/assets/lib/jquery.mb.ytplayer/jquery.mb.YTPlayer.min.js]
[themewagon.gitlab.io/medicare/index-youtube.html]
[themewagon.gitlab.io/medicare/assets/video/boulevard.mp4]
[themewagon.gitlab.io/medicare/assets/video/boulevard.webm]
[themewagon.gitlab.io/medicare/index-selfhosted.html]
[themewagon.gitlab.io/medicare/index-rtl.html]
[themewagon.gitlab.io/medicare/assets/img/about/13.jpg]
[themewagon.gitlab.io/medicare/assets/img/illustrations/signature.png]
[themewagon.gitlab.io/medicare/assets/img/about/9.jpg]
[themewagon.gitlab.io/medicare/assets/img/icons/happy-1.png]
[themewagon.gitlab.io/medicare/assets/img/icons/shop.png]
[themewagon.gitlab.io/medicare/assets/img/icons/pie-chart.png]
[themewagon.gitlab.io/medicare/assets/img/icons/like.png]
[themewagon.gitlab.io/medicare/assets/img/doctor/10.jpg]
[themewagon.gitlab.io/medicare/assets/img/doctor/14.jpg]
[themewagon.gitlab.io/medicare/assets/img/doctor/15.jpg]
[themewagon.gitlab.io/medicare/assets/img/doctor/2.jpg]
[themewagon.gitlab.io/medicare/assets/img/doctor/3.png]
[themewagon.gitlab.io/medicare/assets/img/doctor/4.png]
[themewagon.gitlab.io/medicare/assets/img/doctor/16.jpg]
[themewagon.gitlab.io/medicare/assets/img/doctor/6.jpg]
[themewagon.gitlab.io/medicare/assets/img/doctor/7.png]
[themewagon.gitlab.io/medicare/assets/img/doctor/8.jpg]
[themewagon.gitlab.io/medicare/assets/lib/semantic-ui-accordion/accordion.min.js]
[themewagon.gitlab.io/medicare/assets/lib/semantic-ui-transition/transition.min.js]
[themewagon.gitlab.io/medicare/about.html]
[themewagon.gitlab.io/medicare/blog.html]
[themewagon.gitlab.io/medicare/assets/img/research/1.jpg]
[themewagon.gitlab.io/medicare/assets/img/doctor/1.jpg]
[themewagon.gitlab.io/medicare/assets/img/blog/18.jpg]
[themewagon.gitlab.io/medicare/assets/img/doctor/11.jpg]
[themewagon.gitlab.io/medicare/assets/img/blog/15.jpg]
[themewagon.gitlab.io/medicare/blog-single.html]
[themewagon.gitlab.io/medicare/assets/img/research/800x494/1.jpg]
[themewagon.gitlab.io/medicare/assets/img/research/800x494/2.jpg]
[themewagon.gitlab.io/medicare/assets/img/research/800x494/3.jpg]
[themewagon.gitlab.io/medicare/assets/img/research/800x494/4.jpg]
[themewagon.gitlab.io/medicare/assets/img/research/800x494/5.jpg]
[themewagon.gitlab.io/medicare/assets/img/research/800x494/6.jpg]
[themewagon.gitlab.io/medicare/assets/img/research/800x494/7.jpg]
[themewagon.gitlab.io/medicare/assets/img/research/800x494/8.jpg]
[themewagon.gitlab.io/medicare/assets/img/research/800x494/9.jpg]
[themewagon.gitlab.io/medicare/research.html]
[themewagon.gitlab.io/medicare/assets/img/research/14.jpg]
[themewagon.gitlab.io/medicare/assets/img/research/2.jpg]
[themewagon.gitlab.io/medicare/assets/img/research/4.jpg]
[themewagon.gitlab.io/medicare/research-single.html]
[themewagon.gitlab.io/medicare/contact.html]
[themewagon.gitlab.io/medicare/starter.html]
[themewagon.gitlab.io/medicare/assets/lib/prismjs/prism.js]
[themewagon.gitlab.io/medicare/components/alerts.html]
[themewagon.gitlab.io/medicare/assets/img/gallery/2.jpg]
[themewagon.gitlab.io/medicare/assets/img/generic/5.jpg]
[themewagon.gitlab.io/medicare/components/background.html]
[themewagon.gitlab.io/medicare/components/badges.html]
[themewagon.gitlab.io/medicare/components/breadcrumb.html]
[themewagon.gitlab.io/medicare/components/buttons.html]
[themewagon.gitlab.io/medicare/assets/img/generic/1.jpg]
[themewagon.gitlab.io/medicare/assets/img/generic/3.jpg]
[themewagon.gitlab.io/medicare/assets/img/generic/10.jpg]
[themewagon.gitlab.io/medicare/assets/img/generic/11.jpg]
[themewagon.gitlab.io/medicare/assets/img/generic/12.jpg]
[themewagon.gitlab.io/medicare/assets/img/generic/6.jpg]
[themewagon.gitlab.io/medicare/assets/img/generic/7.jpg]
[themewagon.gitlab.io/medicare/assets/img/generic/8.jpg]
[themewagon.gitlab.io/medicare/components/cards.html]
[themewagon.gitlab.io/medicare/components/carousel.html]
[themewagon.gitlab.io/medicare/components/collapse.html]
[themewagon.gitlab.io/medicare/components/dropdowns.html]
[themewagon.gitlab.io/medicare/components/fancyscroll.html]
[themewagon.gitlab.io/medicare/components/forms.html]
[themewagon.gitlab.io/medicare/assets/img/generic/2.jpg]
[themewagon.gitlab.io/medicare/components/hoverbox.html]
[themewagon.gitlab.io/medicare/components/list-group.html]
[themewagon.gitlab.io/medicare/components/modals.html]
[themewagon.gitlab.io/medicare/assets/img/gallery/4.jpg]
[themewagon.gitlab.io/medicare/assets/img/gallery/5.jpg]
[themewagon.gitlab.io/medicare/assets/img/gallery/6.jpg]
[themewagon.gitlab.io/medicare/components/media-object.html]
[themewagon.gitlab.io/medicare/components/navs.html]
[themewagon.gitlab.io/medicare/components/navbar.html]
[themewagon.gitlab.io/medicare/components/page-headers.html]
[themewagon.gitlab.io/medicare/components/pagination.html]
[themewagon.gitlab.io/medicare/components/popovers.html]
[themewagon.gitlab.io/medicare/components/progress.html]
[themewagon.gitlab.io/medicare/components/scrollspy.html]
[themewagon.gitlab.io/medicare/components/spinners.html]
[themewagon.gitlab.io/medicare/components/tables.html]
[themewagon.gitlab.io/medicare/components/tabs.html]
[themewagon.gitlab.io/medicare/components/tooltips.html]
[themewagon.gitlab.io/medicare/components/toasts.html]
[themewagon.gitlab.io/medicare/components/php-ajax-form.html]
[themewagon.gitlab.io/medicare/utilities/borders.html]
[themewagon.gitlab.io/medicare/utilities/clearfix.html]
[themewagon.gitlab.io/medicare/utilities/close-icon.html]
[themewagon.gitlab.io/medicare/utilities/colors.html]
[themewagon.gitlab.io/medicare/utilities/display.html]
[themewagon.gitlab.io/medicare/utilities/embed.html]
[themewagon.gitlab.io/medicare/utilities/flex.html]
[themewagon.gitlab.io/medicare/utilities/figures.html]
[themewagon.gitlab.io/medicare/utilities/grid.html]
[themewagon.gitlab.io/medicare/utilities/sizing.html]
[themewagon.gitlab.io/medicare/utilities/stretched-link.html]
[themewagon.gitlab.io/medicare/utilities/spacing.html]
[themewagon.gitlab.io/medicare/utilities/typography.html]
[themewagon.gitlab.io/medicare/utilities/vertical-align.html]
[themewagon.gitlab.io/medicare/utilities/visibility.html]
[themewagon.gitlab.io/medicare/plugins/accordion.html]
[themewagon.gitlab.io/medicare/plugins/countup.html]
[themewagon.gitlab.io/medicare/plugins/fancyscroll.html]
[img.youtube.com/vi/hLpy-DRuiz0/maxresdefault.jpg]
[themewagon.gitlab.io/medicare/plugins/ytplayer.html]
[themewagon.gitlab.io/medicare/plugins/flexslider.html]
[themewagon.gitlab.io/medicare/documentation/getting-started.html]
[themewagon.gitlab.io/medicare/documentation/file-structure.html]
[themewagon.gitlab.io/medicare/documentation/customization.html]
[themewagon.gitlab.io/medicare/documentation/gulp.html]
[themewagon.gitlab.io/medicare/documentation/RTL.html]
[themewagon.gitlab.io/medicare/documentation/plugins.html]
[themewagon.gitlab.io/medicare/changelog.html]
[themewagon.gitlab.io/medicare/assets/lib/flexslider/fonts/flexslider-icon.html]
[themewagon.gitlab.io/medicare/assets/lib/flexslider/fonts/flexslider-icond41d.html]
[themewagon.gitlab.io/medicare/assets/lib/flexslider/fonts/flexslider-icon-2.html]
[themewagon.gitlab.io/medicare/assets/lib/flexslider/fonts/flexslider-icon-3.html]
[themewagon.gitlab.io/medicare/assets/lib/flexslider/fonts/flexslider-icon-4.html]
[themewagon.gitlab.io/medicare/assets/lib/jquery.mb.ytplayer/jquery.mb.YTPlayer.min.css]
[themewagon.gitlab.io/medicare/assets/img/background/boulevard.html]
[themewagon.gitlab.io/medicare/assets/css/theme-rtl.css]
[themewagon.gitlab.io/medicare/assets/lib/semantic-ui-transition/transition.min.css]
[themewagon.gitlab.io/medicare/assets/lib/prismjs/prism-okaidia.css]
[themewagon.gitlab.io/medicare/assets/video/beach.html]
[themewagon.gitlab.io/medicare/assets/video/beach-2.html]
[themewagon.gitlab.io/medicare/assets/video/beach-3.html]
[themewagon.gitlab.io/medicare/pages/profile.html]
[themewagon.gitlab.io/medicare/pages/settings.html]
[themewagon.gitlab.io/medicare/authentication/log-out.html]
[themewagon.gitlab.io/medicare/assets/lib/owl.carousel/owl.carousel.html]
[themewagon.gitlab.io/medicare/assets/lib/owl.carousel/owl.carousel-2.html]
[themewagon.gitlab.io/medicare/assets/lib/progressbar.js/progressbar.min.html]
[themewagon.gitlab.io/medicare/assets/lib/zion-semantic-ui-accordion/js/plugin.min.html]
[themewagon.gitlab.io/medicare/assets/lib/jquery.mb.ytplayer/font/ytp-regular.html]
[themewagon.gitlab.io/medicare/assets/video/boulevard.ogv]
[themewagon.gitlab.io/medicare/assets/lib/semantic-ui-accordion/accordion.min.css]
